*****************************************************************
      SolidWorks Corporation - IGES Processor Status Report
*****************************************************************
=================================================================
General Information
=================================================================
Sending System Product I.D.  : CNEXT - IGES PRODUCT
Receiving System Product I.D.: SU_14001_FRONT ROCKER 
File Name                    : SU_14001_FRONT ROCKER .igs
Sending System               : IBM CATIA IGES - CATIA Version 5 Release 19 
Preprocessor Version         : CATIA Version 5 Release 19 
File Creation Date           : 20171207.145504
Model Creation Date          : 20171207.145504
Units                        : MM
Model Space Scale            : 1
Author                       : Christophe
Organization                 : DELL


=================================================================
Entity Processing Information
=================================================================


=================================================================
Precision analysis of IGES file:
=================================================================
  Most prevalent number of significant digits:              10
  Highest number of significant digits:                     10
  Average number of significant digits:                7.35566
  Maximum distance to origin:                          128.549
  Minimum distance to origin:                                0
  Effective number of significant digits:                   10


=================================================================
Entity Summary
=================================================================
-----------------------------------------------------------------
Type Name                                         Count Converted
---- ----                                         ----- ---------
100  Arc                                             72        72
102  Composite curve                                 34        34
108  Plane                                            8         8
110  Line                                           108       108
116  Point                                            2         2
120  Surface of revolution                           18        18
124  Transformation matrix                           72        72
142  Curve on a parametric surface                   34        34
144  Trimmed parametric surface                      26        26
406  Property                                         1         1
_________________________________________________________________


=================================================================
Result Summary
=================================================================
SolidWorks Feature Type                Count
-----------------------                -----
Solid feature(s)                       1
Surface feature(s)                     0
Curve/Sketch feature(s)                0
--------------------------------------------
Start time: jeudi, décembre 07, 2017 15:03:22
Finish time: jeudi, décembre 07, 2017 15:03:24
Processing time: 0 days, 00 hours, 00 mins, 02 secs
